2026/01/22 03:02:05 [error] 8187#8187: *256 connect() failed (111: Connection refused) while connecting to upstream, client: 162.158.88.33, server: mscinemas.my, request: "GET /wp-content/themes/ms-cinema/style.css?ver=a96da395260be3e81a0ef1fa7e4c0085 HTTP/1.1", upstream: "http://127.0.0.1:3000/wp-content/themes/ms-cinema/style.css?ver=a96da395260be3e81a0ef1fa7e4c0085", host: "www.mscinemas.my"
2026/01/22 03:02:05 [error] 8187#8187: *257 connect() failed (111: Connection refused) while connecting to upstream, client: 172.70.143.134, server: mscinemas.my, request: "GET /wp-content/plugins/woocommerce/assets/css/woocommerce.css?ver=8.0.3 HTTP/1.1", upstream: "http://127.0.0.1:3000/wp-content/plugins/woocommerce/assets/css/woocommerce.css?ver=8.0.3", host: "www.mscinemas.my"
2026/01/22 03:02:05 [error] 8189#8189: *194 connect() failed (111: Connection refused) while connecting to upstream, client: 172.71.124.188, server: mscinemas.my, request: "GET /api/proxy?endpoint=%2FWebSettings%2FGetMaintenanceModeAndAppVersion%2F1 HTTP/1.1", upstream: "http://127.0.0.1:3000/api/proxy?endpoint=%2FWebSettings%2FGetMaintenanceModeAndAppVersion%2F1", host: "www.mscinemas.my", referrer: "https://www.mscinemas.my/"
2026/01/22 03:02:05 [error] 8189#8189: *194 connect() failed (111: Connection refused) while connecting to upstream, client: 172.71.124.188, server: mscinemas.my, request: "GET /wp-content/themes/hello-elementor/theme.min.css?ver=2.6.1 HTTP/1.1", upstream: "http://127.0.0.1:3000/wp-content/themes/hello-elementor/theme.min.css?ver=2.6.1", host: "www.mscinemas.my"
2026/01/22 03:02:05 [error] 8187#8187: *263 connect() failed (111: Connection refused) while connecting to upstream, client: 172.71.82.24, server: mscinemas.my, request: "GET /img/logo.png HTTP/1.1", upstream: "http://127.0.0.1:3000/img/logo.png", host: "www.mscinemas.my", referrer: "https://www.mscinemas.my/"
2026/01/22 03:02:05 [error] 8190#8190: *265 connect() failed (111: Connection refused) while connecting to upstream, client: 172.68.164.136, server: mscinemas.my, request: "GET /wp-content/plugins/elementor/assets/css/frontend-lite.min.css?ver=3.15.3 HTTP/1.1", upstream: "http://127.0.0.1:3000/wp-content/plugins/elementor/assets/css/frontend-lite.min.css?ver=3.15.3", host: "www.mscinemas.my"
2026/01/22 03:02:05 [error] 8189#8189: *194 connect() failed (111: Connection refused) while connecting to upstream, client: 172.71.124.188, server: mscinemas.my, request: "GET /_next/image?url=%2Fimg%2Flogo.png&w=1080&q=75 HTTP/1.1", upstream: "http://127.0.0.1:3000/_next/image?url=%2Fimg%2Flogo.png&w=1080&q=75", host: "www.mscinemas.my", referrer: "https://www.mscinemas.my/"
2026/01/22 03:02:05 [error] 8188#8188: *268 connect() failed (111: Connection refused) while connecting to upstream, client: 162.158.163.138, server: mscinemas.my, request: "GET /wp-content/themes/hello-elementor/style.min.css?ver=2.6.1 HTTP/1.1", upstream: "http://127.0.0.1:3000/wp-content/themes/hello-elementor/style.min.css?ver=2.6.1", host: "www.mscinemas.my"
2026/01/22 03:02:06 [error] 8190#8190: *272 connect() failed (111: Connection refused) while connecting to upstream, client: 172.71.124.189, server: mscinemas.my, request: "GET /api/contact-info HTTP/1.1", upstream: "http://127.0.0.1:3000/api/contact-info", host: "www.mscinemas.my", referrer: "https://www.mscinemas.my/"
2026/01/22 03:02:06 [error] 8190#8190: *277 connect() failed (111: Connection refused) while connecting to upstream, client: 172.71.124.188, server: mscinemas.my, request: "GET /api/banners HTTP/1.1", upstream: "http://127.0.0.1:3000/api/banners", host: "www.mscinemas.my", referrer: "https://www.mscinemas.my/"
2026/01/22 03:02:06 [error] 8190#8190: *271 connect() failed (111: Connection refused) while connecting to upstream, client: 172.71.124.188, server: mscinemas.my, request: "POST /api/proxy?endpoint=/APIUser/GetToken HTTP/1.1", upstream: "http://127.0.0.1:3000/api/proxy?endpoint=/APIUser/GetToken", host: "www.mscinemas.my", referrer: "https://www.mscinemas.my/"
2026/01/22 03:02:06 [error] 8190#8190: *276 connect() failed (111: Connection refused) while connecting to upstream, client: 172.71.124.189, server: mscinemas.my, request: "GET /about?_rsc=1r34m HTTP/1.1", upstream: "http://127.0.0.1:3000/about?_rsc=1r34m", host: "www.mscinemas.my", referrer: "https://www.mscinemas.my/"
2026/01/22 03:02:07 [error] 8190#8190: *272 upstream prematurely closed connection while reading response header from upstream, client: 172.71.124.189, server: mscinemas.my, request: "GET /?_rsc=1r34m HTTP/1.1", upstream: "http://127.0.0.1:3000/?_rsc=1r34m", host: "www.mscinemas.my", referrer: "https://www.mscinemas.my/"
2026/01/22 03:02:07 [error] 8188#8188: *274 upstream prematurely closed connection while reading response header from upstream, client: 172.71.124.188, server: mscinemas.my, request: "GET /hall-booking?_rsc=1r34m HTTP/1.1", upstream: "http://127.0.0.1:3000/hall-booking?_rsc=1r34m", host: "www.mscinemas.my", referrer: "https://www.mscinemas.my/"
2026/01/22 03:02:07 [error] 8188#8188: *279 upstream prematurely closed connection while reading response header from upstream, client: 172.71.124.188, server: mscinemas.my, request: "GET /api/time HTTP/1.1", upstream: "http://127.0.0.1:3000/api/time", host: "www.mscinemas.my", referrer: "https://www.mscinemas.my/"
2026/01/22 03:02:07 [error] 8188#8188: *278 upstream prematurely closed connection while reading response header from upstream, client: 172.71.124.189, server: mscinemas.my, request: "GET /contact?_rsc=1r34m HTTP/1.1", upstream: "http://127.0.0.1:3000/contact?_rsc=1r34m", host: "www.mscinemas.my", referrer: "https://www.mscinemas.my/"
2026/01/22 03:02:07 [error] 8188#8188: *275 recv() failed (104: Connection reset by peer) while reading response header from upstream, client: 172.71.124.189, server: mscinemas.my, request: "GET /movies?_rsc=1r34m HTTP/1.1", upstream: "http://127.0.0.1:3000/movies?_rsc=1r34m", host: "www.mscinemas.my", referrer: "https://www.mscinemas.my/"
2026/01/22 03:02:07 [error] 8189#8189: *194 upstream prematurely closed connection while reading response header from upstream, client: 172.71.124.188, server: mscinemas.my, request: "GET /api/proxy?endpoint=%2FMovieDetails%2FGetMovies HTTP/1.1", upstream: "http://127.0.0.1:3000/api/proxy?endpoint=%2FMovieDetails%2FGetMovies", host: "www.mscinemas.my", referrer: "https://www.mscinemas.my/"
2026/01/22 03:02:08 [error] 8190#8190: *277 connect() failed (111: Connection refused) while connecting to upstream, client: 172.71.124.188, server: mscinemas.my, request: "GET /api/proxy?endpoint=%2FMovieDetails%2FGetMovies HTTP/1.1", upstream: "http://127.0.0.1:3000/api/proxy?endpoint=%2FMovieDetails%2FGetMovies", host: "www.mscinemas.my", referrer: "https://www.mscinemas.my/"
2026/01/22 03:02:12 [error] 8190#8190: *276 connect() failed (111: Connection refused) while connecting to upstream, client: 172.71.124.189, server: mscinemas.my, request: "GET /privacy-policy?_rsc=1r34m HTTP/1.1", upstream: "http://127.0.0.1:3000/privacy-policy?_rsc=1r34m", host: "www.mscinemas.my", referrer: "https://www.mscinemas.my/"
2026/01/22 03:02:12 [error] 8190#8190: *272 connect() failed (111: Connection refused) while connecting to upstream, client: 172.71.124.189, server: mscinemas.my, request: "GET /terms-and-conditions?_rsc=1r34m HTTP/1.1", upstream: "http://127.0.0.1:3000/terms-and-conditions?_rsc=1r34m", host: "www.mscinemas.my", referrer: "https://www.mscinemas.my/"
2026/01/22 03:02:12 [error] 8190#8190: *271 connect() failed (111: Connection refused) while connecting to upstream, client: 172.71.124.188, server: mscinemas.my, request: "GET /disclaimer?_rsc=1r34m HTTP/1.1", upstream: "http://127.0.0.1:3000/disclaimer?_rsc=1r34m", host: "www.mscinemas.my", referrer: "https://www.mscinemas.my/"
2026/01/22 03:02:14 [error] 8188#8188: *274 connect() failed (111: Connection refused) while connecting to upstream, client: 172.71.124.188, server: mscinemas.my, request: "GET /movies?_rsc=vusbg HTTP/1.1", upstream: "http://127.0.0.1:3000/movies?_rsc=vusbg", host: "www.mscinemas.my", referrer: "https://www.mscinemas.my/"
2026/01/22 03:02:14 [error] 8189#8189: *194 connect() failed (111: Connection refused) while connecting to upstream, client: 172.71.124.188, server: mscinemas.my, request: "GET /cookie-policy?_rsc=1r34m HTTP/1.1", upstream: "http://127.0.0.1:3000/cookie-policy?_rsc=1r34m", host: "www.mscinemas.my", referrer: "https://www.mscinemas.my/"
2026/01/22 03:02:14 [error] 8188#8188: *278 connect() failed (111: Connection refused) while connecting to upstream, client: 172.71.124.189, server: mscinemas.my, request: "GET /movies HTTP/1.1", upstream: "http://127.0.0.1:3000/movies", host: "www.mscinemas.my", referrer: "https://www.mscinemas.my/"
2026/01/22 03:02:14 [error] 8188#8188: *275 connect() failed (111: Connection refused) while connecting to upstream, client: 172.71.124.189, server: mscinemas.my, request: "GET /faqs?_rsc=1r34m HTTP/1.1", upstream: "http://127.0.0.1:3000/faqs?_rsc=1r34m", host: "www.mscinemas.my", referrer: "https://www.mscinemas.my/"
2026/01/22 03:02:14 [error] 8190#8190: *298 connect() failed (111: Connection refused) while connecting to upstream, client: 162.158.88.164, server: mscinemas.my, request: "GET /favicon.ico HTTP/1.1", upstream: "http://127.0.0.1:3000/favicon.ico", host: "www.mscinemas.my", referrer: "https://www.mscinemas.my/movies"
2026/01/22 03:02:16 [error] 8188#8188: *279 connect() failed (111: Connection refused) while connecting to upstream, client: 172.71.124.188, server: mscinemas.my, request: "GET /about?_rsc=1r34m HTTP/1.1", upstream: "http://127.0.0.1:3000/about?_rsc=1r34m", host: "www.mscinemas.my", referrer: "https://www.mscinemas.my/"
2026/01/22 03:02:17 [error] 8190#8190: *277 connect() failed (111: Connection refused) while connecting to upstream, client: 172.71.124.188, server: mscinemas.my, request: "GET /movies?_rsc=vusbg HTTP/1.1", upstream: "http://127.0.0.1:3000/movies?_rsc=vusbg", host: "www.mscinemas.my", referrer: "https://www.mscinemas.my/"
2026/01/22 03:02:17 [error] 8190#8190: *272 connect() failed (111: Connection refused) while connecting to upstream, client: 172.71.124.189, server: mscinemas.my, request: "GET /movies HTTP/1.1", upstream: "http://127.0.0.1:3000/movies", host: "www.mscinemas.my", referrer: "https://www.mscinemas.my/"
2026/01/22 03:02:17 [error] 8190#8190: *298 connect() failed (111: Connection refused) while connecting to upstream, client: 162.158.88.164, server: mscinemas.my, request: "GET /favicon.ico HTTP/1.1", upstream: "http://127.0.0.1:3000/favicon.ico", host: "www.mscinemas.my", referrer: "https://www.mscinemas.my/movies"
2026/01/22 03:02:18 [error] 8188#8188: *274 connect() failed (111: Connection refused) while connecting to upstream, client: 172.71.124.188, server: mscinemas.my, request: "GET /movies?_rsc=1r34m HTTP/1.1", upstream: "http://127.0.0.1:3000/movies?_rsc=1r34m", host: "www.mscinemas.my", referrer: "https://www.mscinemas.my/"
2026/01/22 03:02:18 [error] 8189#8189: *194 connect() failed (111: Connection refused) while connecting to upstream, client: 172.71.124.188, server: mscinemas.my, request: "GET /hall-booking?_rsc=1r34m HTTP/1.1", upstream: "http://127.0.0.1:3000/hall-booking?_rsc=1r34m", host: "www.mscinemas.my", referrer: "https://www.mscinemas.my/"
2026/01/22 03:02:18 [error] 8190#8190: *276 connect() failed (111: Connection refused) while connecting to upstream, client: 172.71.124.189, server: mscinemas.my, request: "GET /contact?_rsc=1r34m HTTP/1.1", upstream: "http://127.0.0.1:3000/contact?_rsc=1r34m", host: "www.mscinemas.my", referrer: "https://www.mscinemas.my/"
2026/01/22 03:02:18 [error] 8190#8190: *271 connect() failed (111: Connection refused) while connecting to upstream, client: 172.71.124.188, server: mscinemas.my, request: "GET /?_rsc=1r34m HTTP/1.1", upstream: "http://127.0.0.1:3000/?_rsc=1r34m", host: "www.mscinemas.my", referrer: "https://www.mscinemas.my/"
2026/01/22 03:04:03 [error] 8190#8190: *308 connect() failed (111: Connection refused) while connecting to upstream, client: 172.69.76.162, server: mscinemas.my, request: "GET / HTTP/1.1", upstream: "http://127.0.0.1:3000/", host: "www.mscinemas.my"
2026/01/22 03:04:03 [error] 8190#8190: *310 connect() failed (111: Connection refused) while connecting to upstream, client: 172.69.76.176, server: mscinemas.my, request: "GET /favicon.ico HTTP/1.1", upstream: "http://127.0.0.1:3000/favicon.ico", host: "www.mscinemas.my", referrer: "https://www.mscinemas.my/"
2026/01/22 03:04:04 [error] 8190#8190: *308 connect() failed (111: Connection refused) while connecting to upstream, client: 172.69.76.162, server: mscinemas.my, request: "GET / HTTP/1.1", upstream: "http://127.0.0.1:3000/", host: "www.mscinemas.my"
2026/01/22 03:04:04 [error] 8190#8190: *310 connect() failed (111: Connection refused) while connecting to upstream, client: 172.69.76.176, server: mscinemas.my, request: "GET /favicon.ico HTTP/1.1", upstream: "http://127.0.0.1:3000/favicon.ico", host: "www.mscinemas.my", referrer: "https://www.mscinemas.my/"
2026/01/22 03:04:06 [error] 8190#8190: *308 connect() failed (111: Connection refused) while connecting to upstream, client: 172.69.76.162, server: mscinemas.my, request: "GET / HTTP/1.1", upstream: "http://127.0.0.1:3000/", host: "www.mscinemas.my"
2026/01/22 03:11:22 [error] 10598#10598: *359 open() "/var/www/mscinemas/.next/static/chunks/e96eb3b453bedb31.js" failed (2: No such file or directory), client: 172.70.208.11, server: mscinemas.my, request: "GET /_next/static/chunks/e96eb3b453bedb31.js HTTP/1.1", host: "www.mscinemas.my", referrer: "https://www.mscinemas.my/movies"
2026/01/22 03:15:50 [error] 10597#10597: *420 connect() failed (111: Connection refused) while connecting to upstream, client: 172.70.208.150, server: mscinemas.my, request: "GET /movies HTTP/1.1", upstream: "http://127.0.0.1:3000/movies", host: "www.mscinemas.my"
2026/01/22 03:15:50 [error] 10599#10599: *422 connect() failed (111: Connection refused) while connecting to upstream, client: 162.158.88.165, server: mscinemas.my, request: "GET /favicon.ico HTTP/1.1", upstream: "http://127.0.0.1:3000/favicon.ico", host: "www.mscinemas.my", referrer: "https://www.mscinemas.my/movies"
2026/01/22 03:15:52 [error] 10597#10597: *420 connect() failed (111: Connection refused) while connecting to upstream, client: 172.70.208.150, server: mscinemas.my, request: "GET /movies HTTP/1.1", upstream: "http://127.0.0.1:3000/movies", host: "www.mscinemas.my"
2026/01/22 03:15:53 [error] 10599#10599: *425 connect() failed (111: Connection refused) while connecting to upstream, client: 104.23.251.106, server: mscinemas.my, request: "GET /ticket-selection/?cinema-id=373030315e9d17e41f784ae361ada1d0817186f6&movie-id=3637339f396fe44e7c05c16873b05ec425cbad&show-id=3333323030f524ee5034c3401d49577b2390af941a&time=1768654800 HTTP/1.1", upstream: "http://127.0.0.1:3000/ticket-selection/?cinema-id=373030315e9d17e41f784ae361ada1d0817186f6&movie-id=3637339f396fe44e7c05c16873b05ec425cbad&show-id=3333323030f524ee5034c3401d49577b2390af941a&time=1768654800", host: "www.mscinemas.my"
2026/01/22 03:15:56 [error] 10599#10599: *427 connect() failed (111: Connection refused) while connecting to upstream, client: 172.71.214.114, server: mscinemas.my, request: "GET / HTTP/1.1", upstream: "http://127.0.0.1:3000/", host: "www.mscinemas.my"
2026/01/22 03:15:56 [error] 10597#10597: *420 connect() failed (111: Connection refused) while connecting to upstream, client: 172.70.208.150, server: mscinemas.my, request: "GET /movies HTTP/1.1", upstream: "http://127.0.0.1:3000/movies", host: "www.mscinemas.my"
2026/01/22 03:15:56 [error] 10599#10599: *422 connect() failed (111: Connection refused) while connecting to upstream, client: 162.158.88.165, server: mscinemas.my, request: "GET /favicon.ico HTTP/1.1", upstream: "http://127.0.0.1:3000/favicon.ico", host: "www.mscinemas.my", referrer: "https://www.mscinemas.my/movies"
2026/01/22 03:15:56 [error] 10599#10599: *430 connect() failed (111: Connection refused) while connecting to upstream, client: 162.158.178.64, server: mscinemas.my, request: "GET /favicon.ico HTTP/1.1", upstream: "http://127.0.0.1:3000/favicon.ico", host: "www.mscinemas.my", referrer: "https://www.mscinemas.my/"
2026/01/22 03:15:58 [error] 10599#10599: *427 connect() failed (111: Connection refused) while connecting to upstream, client: 172.71.214.114, server: mscinemas.my, request: "GET / HTTP/1.1", upstream: "http://127.0.0.1:3000/", host: "www.mscinemas.my"
2026/01/22 03:15:58 [error] 10599#10599: *430 connect() failed (111: Connection refused) while connecting to upstream, client: 162.158.178.64, server: mscinemas.my, request: "GET /favicon.ico HTTP/1.1", upstream: "http://127.0.0.1:3000/favicon.ico", host: "www.mscinemas.my", referrer: "https://www.mscinemas.my/"
2026/01/22 03:16:01 [error] 10599#10599: *427 connect() failed (111: Connection refused) while connecting to upstream, client: 172.71.214.114, server: mscinemas.my, request: "GET / HTTP/1.1", upstream: "http://127.0.0.1:3000/", host: "www.mscinemas.my"
2026/01/22 03:16:02 [error] 10599#10599: *430 connect() failed (111: Connection refused) while connecting to upstream, client: 162.158.178.64, server: mscinemas.my, request: "GET /favicon.ico HTTP/1.1", upstream: "http://127.0.0.1:3000/favicon.ico", host: "www.mscinemas.my", referrer: "https://www.mscinemas.my/"
2026/01/22 03:16:09 [error] 10599#10599: *437 connect() failed (111: Connection refused) while connecting to upstream, client: 162.158.186.192, server: mscinemas.my, request: "GET /ticket-selection/?cinema-id=373030315e9d17e41f784ae361ada1d0817186f6&movie-id=3637339f396fe44e7c05c16873b05ec425cbad&show-id=3333333132ecc3ebf4a557b4a5f1f8655ccd8897f3&time=1768914000 HTTP/1.1", upstream: "http://127.0.0.1:3000/ticket-selection/?cinema-id=373030315e9d17e41f784ae361ada1d0817186f6&movie-id=3637339f396fe44e7c05c16873b05ec425cbad&show-id=3333333132ecc3ebf4a557b4a5f1f8655ccd8897f3&time=1768914000", host: "www.mscinemas.my"
2026/01/22 03:16:10 [error] 10599#10599: *427 connect() failed (111: Connection refused) while connecting to upstream, client: 172.71.214.114, server: mscinemas.my, request: "GET / HTTP/1.1", upstream: "http://127.0.0.1:3000/", host: "www.mscinemas.my", referrer: "https://www.google.com/"
2026/01/22 03:16:11 [error] 10599#10599: *430 connect() failed (111: Connection refused) while connecting to upstream, client: 162.158.178.64, server: mscinemas.my, request: "GET /favicon.ico HTTP/1.1", upstream: "http://127.0.0.1:3000/favicon.ico", host: "www.mscinemas.my", referrer: "https://www.mscinemas.my/"
2026/01/22 03:16:36 [error] 10599#10599: *441 connect() failed (111: Connection refused) while connecting to upstream, client: 172.71.124.189, server: mscinemas.my, request: "GET /reserve-booking/ HTTP/1.1", upstream: "http://127.0.0.1:3000/reserve-booking/", host: "www.mscinemas.my", referrer: "https://www.google.com/"
2026/01/22 03:17:33 [error] 10598#10598: *487 recv() failed (104: Connection reset by peer) while reading response header from upstream, client: 172.71.218.185, server: mscinemas.my, request: "GET / HTTP/1.1", upstream: "http://127.0.0.1:3000/", host: "www.mscinemas.my", referrer: "https://www.google.com/"
2026/01/22 06:41:37 [error] 10600#10600: *5004 recv() failed (104: Connection reset by peer) while reading response header from upstream, client: 162.158.179.169, server: mscinemas.my, request: "GET /faqs?_rsc=vvrb0 HTTP/1.1", upstream: "http://127.0.0.1:3000/faqs?_rsc=vvrb0", host: "www.mscinemas.my", referrer: "https://www.mscinemas.my/movie-detail?movieId=WFdB"
2026/01/22 07:26:54 [error] 10599#10599: *6008 recv() failed (104: Connection reset by peer) while reading response header from upstream, client: 162.159.122.219, server: mscinemas.my, request: "GET /certenroll HTTP/1.1", upstream: "http://127.0.0.1:3000/certenroll", host: "www.mscinemas.my"
2026/01/22 07:28:18 [error] 10598#10598: *5921 recv() failed (104: Connection reset by peer) while reading response header from upstream, client: 172.70.108.147, server: mscinemas.my, request: "GET /gs HTTP/1.1", upstream: "http://127.0.0.1:3000/gs", host: "www.mscinemas.my"
2026/01/22 07:28:39 [error] 10597#10597: *6016 recv() failed (104: Connection reset by peer) while reading response header from upstream, client: 162.159.122.218, server: mscinemas.my, request: "GET /ips_kernel HTTP/1.1", upstream: "http://127.0.0.1:3000/ips_kernel", host: "www.mscinemas.my"
2026/01/22 07:28:39 [error] 10597#10597: *6013 recv() failed (104: Connection reset by peer) while reading response header from upstream, client: 172.68.234.109, server: mscinemas.my, request: "GET /issues HTTP/1.1", upstream: "http://127.0.0.1:3000/issues", host: "www.mscinemas.my"
2026/01/22 07:28:44 [error] 10600#10600: *6137 recv() failed (104: Connection reset by peer) while reading response header from upstream, client: 162.158.192.167, server: mscinemas.my, request: "GET /api/proxy?endpoint=%2FWebSettings%2FGetMaintenanceModeAndAppVersion%2F1 HTTP/1.1", upstream: "http://127.0.0.1:3000/api/proxy?endpoint=%2FWebSettings%2FGetMaintenanceModeAndAppVersion%2F1", host: "www.mscinemas.my", referrer: "https://www.mscinemas.my/movie-detail?movieId=W1lG"
2026/01/22 07:29:04 [error] 10600#10600: *6053 recv() failed (104: Connection reset by peer) while reading response header from upstream, client: 162.159.122.218, server: mscinemas.my, request: "GET /media HTTP/1.1", upstream: "http://127.0.0.1:3000/media", host: "www.mscinemas.my"
2026/01/22 07:29:04 [error] 10600#10600: *6045 recv() failed (104: Connection reset by peer) while reading response header from upstream, client: 172.70.108.147, server: mscinemas.my, request: "GET /me HTTP/1.1", upstream: "http://127.0.0.1:3000/me", host: "www.mscinemas.my"
2026/01/22 07:29:16 [error] 10600#10600: *6044 recv() failed (104: Connection reset by peer) while reading response header from upstream, client: 172.70.108.146, server: mscinemas.my, request: "GET /mysqldumper HTTP/1.1", upstream: "http://127.0.0.1:3000/mysqldumper", host: "www.mscinemas.my"
2026/01/22 07:29:33 [error] 10600#10600: *6044 recv() failed (104: Connection reset by peer) while reading response header from upstream, client: 172.70.108.146, server: mscinemas.my, request: "GET /path HTTP/1.1", upstream: "http://127.0.0.1:3000/path", host: "www.mscinemas.my"
2026/01/22 07:29:35 [error] 10599#10599: *6010 recv() failed (104: Connection reset by peer) while reading response header from upstream, client: 172.68.234.108, server: mscinemas.my, request: "GET /photo HTTP/1.1", upstream: "http://127.0.0.1:3000/photo", host: "www.mscinemas.my"
2026/01/22 07:29:35 [error] 10599#10599: *6009 recv() failed (104: Connection reset by peer) while reading response header from upstream, client: 162.159.122.218, server: mscinemas.my, request: "GET /phone HTTP/1.1", upstream: "http://127.0.0.1:3000/phone", host: "www.mscinemas.my"
2026/01/22 07:29:57 [error] 10599#10599: *5970 open() "/var/www/mscinemas/publication" failed (2: No such file or directory), client: 172.71.124.189, server: mscinemas.my, request: "GET /publication HTTP/1.1", host: "www.mscinemas.my"
2026/01/22 07:29:57 [error] 10598#10598: *5987 open() "/var/www/mscinemas/public_ftp" failed (2: No such file or directory), client: 172.70.93.73, server: mscinemas.my, request: "GET /public_ftp HTTP/1.1", host: "www.mscinemas.my"
2026/01/22 07:29:57 [error] 10598#10598: *5964 open() "/var/www/mscinemas/publicidad" failed (2: No such file or directory), client: 162.158.88.154, server: mscinemas.my, request: "GET /publicidad HTTP/1.1", host: "www.mscinemas.my"
2026/01/22 07:29:57 [error] 10598#10598: *5991 open() "/var/www/mscinemas/publications" failed (2: No such file or directory), client: 162.158.88.154, server: mscinemas.my, request: "GET /publications HTTP/1.1", host: "www.mscinemas.my"
2026/01/22 07:29:57 [error] 10598#10598: *5977 open() "/var/www/mscinemas/public_html" failed (2: No such file or directory), client: 162.158.108.78, server: mscinemas.my, request: "GET /public_html HTTP/1.1", host: "www.mscinemas.my"
2026/01/22 07:29:58 [error] 10600#10600: *6044 recv() failed (104: Connection reset by peer) while reading response header from upstream, client: 172.70.108.146, server: mscinemas.my, request: "GET /question HTTP/1.1", upstream: "http://127.0.0.1:3000/question", host: "www.mscinemas.my"
2026/01/22 07:30:10 [error] 10600#10600: *6223 recv() failed (104: Connection reset by peer) while reading response header from upstream, client: 172.70.143.87, server: mscinemas.my, request: "GET /apple-touch-icon.png HTTP/1.1", upstream: "http://127.0.0.1:3000/apple-touch-icon.png", host: "www.mscinemas.my"
2026/01/22 07:30:10 [error] 10600#10600: *6220 recv() failed (104: Connection reset by peer) while reading response header from upstream, client: 162.158.88.164, server: mscinemas.my, request: "GET /favicon.ico HTTP/1.1", upstream: "http://127.0.0.1:3000/favicon.ico", host: "www.mscinemas.my"
2026/01/22 07:30:32 [error] 10598#10598: *6052 recv() failed (104: Connection reset by peer) while reading response header from upstream, client: 162.159.122.218, server: mscinemas.my, request: "GET /sink HTTP/1.1", upstream: "http://127.0.0.1:3000/sink", host: "www.mscinemas.my"
2026/01/22 07:30:57 [error] 10599#10599: *6203 recv() failed (104: Connection reset by peer) while reading response header from upstream, client: 162.158.170.77, server: mscinemas.my, request: "GET /movies?_rsc=1jxf4 HTTP/1.1", upstream: "http://127.0.0.1:3000/movies?_rsc=1jxf4", host: "www.mscinemas.my", referrer: "https://www.mscinemas.my/movie-detail?movieId=W1tA"
2026/01/22 07:30:57 [error] 10599#10599: *6031 recv() failed (104: Connection reset by peer) while reading response header from upstream, client: 162.158.22.10, server: mscinemas.my, request: "GET /threadtag HTTP/1.1", upstream: "http://127.0.0.1:3000/threadtag", host: "www.mscinemas.my"
2026/01/22 07:30:57 [error] 10597#10597: *6013 recv() failed (104: Connection reset by peer) while reading response header from upstream, client: 172.68.234.109, server: mscinemas.my, request: "GET /thread HTTP/1.1", upstream: "http://127.0.0.1:3000/thread", host: "www.mscinemas.my"
2026/01/22 07:30:57 [error] 10599#10599: *6042 recv() failed (104: Connection reset by peer) while reading response header from upstream, client: 172.70.108.146, server: mscinemas.my, request: "GET /threads HTTP/1.1", upstream: "http://127.0.0.1:3000/threads", host: "www.mscinemas.my"
2026/01/22 07:31:15 [error] 10597#10597: *6013 recv() failed (104: Connection reset by peer) while reading response header from upstream, client: 172.68.234.109, server: mscinemas.my, request: "GET /vendor HTTP/1.1", upstream: "http://127.0.0.1:3000/vendor", host: "www.mscinemas.my"
2026/01/22 08:40:39 [error] 10599#10599: *7670 open() "/var/www/mscinemas/.next/static/4366003580395732652" failed (2: No such file or directory), client: 162.158.162.35, server: mscinemas.my, request: "GET /_next/static/4366003580395732652 HTTP/1.1", host: "www.mscinemas.my", referrer: "https://www.mscinemas.my/"
2026/01/22 08:40:39 [error] 10598#10598: *7508 open() "/var/www/mscinemas/.next/static/chunks/6629431723239767070" failed (2: No such file or directory), client: 172.68.234.4, server: mscinemas.my, request: "GET /_next/static/chunks/6629431723239767070 HTTP/1.1", host: "www.mscinemas.my", referrer: "https://www.mscinemas.my/"
2026/01/22 08:40:40 [error] 10599#10599: *7667 open() "/var/www/mscinemas/.next/static/media/2210261107007085432" failed (2: No such file or directory), client: 172.68.164.28, server: mscinemas.my, request: "GET /_next/static/media/2210261107007085432 HTTP/1.1", host: "www.mscinemas.my", referrer: "https://www.mscinemas.my/"
2026/01/22 12:13:07 [error] 10600#10600: *12525 recv() failed (104: Connection reset by peer) while reading response header from upstream, client: 162.158.170.76, server: mscinemas.my, request: "GET /cookie-policy?_rsc=1cm4o HTTP/1.1", upstream: "http://127.0.0.1:3000/cookie-policy?_rsc=1cm4o", host: "www.mscinemas.my", referrer: "https://www.mscinemas.my/reserve-booking"
2026/01/22 12:13:07 [error] 10599#10599: *12524 recv() failed (104: Connection reset by peer) while reading response header from upstream, client: 162.158.170.77, server: mscinemas.my, request: "GET /disclaimer?_rsc=1cm4o HTTP/1.1", upstream: "http://127.0.0.1:3000/disclaimer?_rsc=1cm4o", host: "www.mscinemas.my", referrer: "https://www.mscinemas.my/reserve-booking"
2026/01/22 12:13:07 [error] 10599#10599: *12523 recv() failed (104: Connection reset by peer) while reading response header from upstream, client: 162.158.170.76, server: mscinemas.my, request: "GET /privacy-policy?_rsc=1cm4o HTTP/1.1", upstream: "http://127.0.0.1:3000/privacy-policy?_rsc=1cm4o", host: "www.mscinemas.my", referrer: "https://www.mscinemas.my/reserve-booking"
2026/01/22 14:36:24 [error] 10598#10598: *15183 recv() failed (104: Connection reset by peer) while reading response header from upstream, client: 162.158.179.169, server: mscinemas.my, request: "GET /privacy-policy?_rsc=1khve HTTP/1.1", upstream: "http://127.0.0.1:3000/privacy-policy?_rsc=1khve", host: "www.mscinemas.my", referrer: "https://www.mscinemas.my/movies"
